#-----------------------------------------------------------
# Webtalk v2020.2 (64-bit)
# SW Build 3064766 on Wed Nov 18 09:12:45 MST 2020
# IP Build 3064653 on Wed Nov 18 14:17:31 MST 2020
# Start of session at: Tue Apr 20 12:32:32 2021
# Process ID: 24008
# Current directory: C:/Users/Chi-cheng Chuang/OneDrive/Classes/Spring 2021/E_E_214/Projects/project_7_PISO/project_7_PISO.sim/sim_1/behav/xsim
# Command line: wbtcv.exe -mode batch -source C:/Users/Chi-cheng Chuang/OneDrive/Classes/Spring 2021/E_E_214/Projects/project_7_PISO/project_7_PISO.sim/sim_1/behav/xsim/xsim.dir/PISO_sim_behav/webtalk/xsim_webtalk.tcl -notrace
# Log file: C:/Users/Chi-cheng Chuang/OneDrive/Classes/Spring 2021/E_E_214/Projects/project_7_PISO/project_7_PISO.sim/sim_1/behav/xsim/webtalk.log
# Journal file: C:/Users/Chi-cheng Chuang/OneDrive/Classes/Spring 2021/E_E_214/Projects/project_7_PISO/project_7_PISO.sim/sim_1/behav/xsim\webtalk.jou
#-----------------------------------------------------------
source C:/Users/Chi-cheng -notrace
